2026-07-28 10:33:06,733  INFO     === Mise a jour du referentiel FX MAD/EUR ===
2026-07-28 10:33:06,733  INFO     Interrogation de la source yahoo (2024-01-01 -> 2026-07-28)
2026-07-28 10:33:06,815  INFO     Source yahoo : 667 cours quotidiens, 31 mois
2026-07-28 10:33:06,816  INFO       2024-01 cree (definitif, 10.5256)
2026-07-28 10:33:06,816  INFO       2024-02 cree (definitif, 10.6257)
2026-07-28 10:33:06,816  INFO       2024-03 cree (definitif, 10.5482)
2026-07-28 10:33:06,816  INFO       2024-04 cree (definitif, 10.5047)
2026-07-28 10:33:06,816  INFO       2024-05 cree (definitif, 10.4464)
2026-07-28 10:33:06,816  INFO       2024-06 cree (definitif, 10.3164)
2026-07-28 10:33:06,816  INFO       2024-07 cree (definitif, 10.4068)
2026-07-28 10:33:06,816  INFO       2024-08 cree (definitif, 10.4255)
2026-07-28 10:33:06,816  INFO       2024-09 cree (definitif, 10.5182)
2026-07-28 10:33:06,817  INFO       2024-10 cree (definitif, 10.3304)
2026-07-28 10:33:06,817  INFO       2024-11 cree (definitif, 10.2176)
2026-07-28 10:33:06,817  INFO       2024-12 cree (definitif, 10.2082)
2026-07-28 10:33:06,817  INFO       2025-01 cree (definitif, 10.0844)
2026-07-28 10:33:06,817  INFO       2025-02 cree (definitif, 10.0576)
2026-07-28 10:33:06,817  INFO       2025-03 cree (definitif, 10.0675)
2026-07-28 10:33:06,817  INFO       2025-04 cree (definitif, 10.1913)
2026-07-28 10:33:06,817  INFO       2025-05 cree (definitif, 10.1045)
2026-07-28 10:33:06,817  INFO       2025-06 cree (definitif, 10.2315)
2026-07-28 10:33:06,817  INFO       2025-07 cree (definitif, 10.1168)
2026-07-28 10:33:06,817  INFO       2025-08 cree (definitif, 10.1791)
2026-07-28 10:33:06,817  INFO       2025-09 cree (definitif, 10.3376)
2026-07-28 10:33:06,817  INFO       2025-10 cree (definitif, 10.3962)
2026-07-28 10:33:06,817  INFO       2025-11 cree (definitif, 10.3900)
2026-07-28 10:33:06,817  INFO       2025-12 cree (definitif, 10.3717)
2026-07-28 10:33:06,818  INFO       2026-01 cree (definitif, 10.4791)
2026-07-28 10:33:06,818  INFO       2026-02 cree (definitif, 10.4754)
2026-07-28 10:33:06,818  INFO       2026-03 cree (definitif, 10.4141)
2026-07-28 10:33:06,818  INFO       2026-04 cree (definitif, 10.4943)
2026-07-28 10:33:06,818  INFO       2026-05 cree (definitif, 10.3627)
2026-07-28 10:33:06,818  INFO       2026-06 cree (definitif, 10.3758)
2026-07-28 10:33:06,818  INFO       2026-07 cree (provisoire, 10.6490)
2026-07-28 10:33:06,821  INFO     Ecrit : /home/runner/work/referentiel-fx/referentiel-fx/master_data_fx.csv (31 mois)
2026-08-02 10:53:01,132  INFO     === Mise a jour du referentiel FX MAD/EUR ===
2026-08-02 10:53:01,132  INFO     Interrogation de la source yahoo (2026-05-01 -> 2026-08-02)
2026-08-02 10:53:01,266  INFO     Source yahoo : 67 cours quotidiens, 4 mois
2026-08-02 10:53:01,266  INFO       2026-07 maj 10.6490 -> 10.7390 (provisoire -> definitif)
2026-08-02 10:53:01,266  INFO     Ecrit : /home/runner/work/referentiel-fx/referentiel-fx/master_data_fx.csv (31 mois)
2026-08-03 14:01:46,985  INFO     === Mise a jour du referentiel FX MAD/EUR ===
2026-08-03 14:01:46,985  INFO     Interrogation de la source yahoo (2026-05-01 -> 2026-08-03)
2026-08-03 14:01:47,119  INFO     Source yahoo : 67 cours quotidiens, 5 mois
2026-08-03 14:01:47,119  INFO       2026-08 cree (provisoire, 10.7360)
2026-08-03 14:01:47,120  INFO     Ecrit : /home/runner/work/referentiel-fx/referentiel-fx/master_data_fx.csv (32 mois)
2026-08-10 10:00:45,116  INFO     === Mise a jour du referentiel FX MAD/EUR ===
2026-08-10 10:00:45,117  INFO     Interrogation de la source yahoo (2026-05-01 -> 2026-08-10)
2026-08-10 10:00:45,372  INFO     Source yahoo : 72 cours quotidiens, 5 mois
2026-08-10 10:00:45,373  INFO       2026-08 maj 10.7360 -> 10.7520 (provisoire -> provisoire)
2026-08-10 10:00:45,374  INFO     Ecrit : /home/runner/work/referentiel-fx/referentiel-fx/master_data_fx.csv (32 mois)
2026-08-17 06:05:03,899  INFO     === Mise a jour du referentiel FX MAD/EUR ===
2026-08-17 06:05:03,899  INFO     Interrogation de la source yahoo (2026-05-01 -> 2026-08-17)
2026-08-17 06:05:03,958  INFO     Source yahoo : 77 cours quotidiens, 5 mois
2026-08-17 06:05:03,958  INFO       2026-08 maj 10.7520 -> 10.7330 (provisoire -> provisoire)
2026-08-17 06:05:03,959  INFO     Ecrit : /home/runner/work/referentiel-fx/referentiel-fx/master_data_fx.csv (32 mois)
2026-08-24 08:03:31,040  INFO     === Mise a jour du referentiel FX MAD/EUR ===
2026-08-24 08:03:31,040  INFO     Interrogation de la source yahoo (2026-05-01 -> 2026-08-24)
2026-08-24 08:03:31,179  INFO     Source yahoo : 82 cours quotidiens, 5 mois
2026-08-24 08:03:31,180  INFO       2026-08 maj 10.7330 -> 10.7920 (provisoire -> provisoire)
2026-08-24 08:03:31,180  INFO     Ecrit : /home/runner/work/referentiel-fx/referentiel-fx/master_data_fx.csv (32 mois)
2026-08-31 11:28:55,811  INFO     === Mise a jour du referentiel FX MAD/EUR ===
2026-08-31 11:28:55,811  INFO     Interrogation de la source yahoo (2026-05-01 -> 2026-08-31)
2026-08-31 11:28:55,908  INFO     Source yahoo : 87 cours quotidiens, 5 mois
2026-08-31 11:28:55,909  INFO       2026-08 maj 10.7920 -> 10.7940 (provisoire -> provisoire)
2026-08-31 11:28:55,910  INFO     Ecrit : /home/runner/work/referentiel-fx/referentiel-fx/master_data_fx.csv (32 mois)
2026-09-02 05:11:49,721  INFO     === Mise a jour du referentiel FX MAD/EUR ===
2026-09-02 05:11:49,722  INFO     Interrogation de la source yahoo (2026-06-01 -> 2026-09-02)
2026-09-02 05:11:49,920  INFO     Source yahoo : 68 cours quotidiens, 5 mois
2026-09-02 05:11:49,921  INFO       2026-08 maj 10.7940 -> 10.4338 (provisoire -> definitif)
2026-09-02 05:11:49,921  INFO       2026-09 cree (provisoire, 10.7980)
2026-09-02 05:11:49,921  INFO     Ecrit : /home/runner/work/referentiel-fx/referentiel-fx/master_data_fx.csv (33 mois)
